2024-09-16 10:00:01 INFO Starting application server on port 8080
2024-09-16 10:00:02 DEBUG Database connection pool initialized with 10 connections
2024-09-16 10:00:03 INFO User login successful: john.doe@example.com
2024-09-16 10:00:04 WARN Failed authentication attempt from 192.168.1.100
2024-09-16 10:00:05 ERROR Database timeout - retrying connection in 5 seconds
2024-09-16 10:00:06 INFO Database connection restored successfully
2024-09-16 10:00:07 DEBUG Processing HTTP request ID: 12345 from client 192.168.1.50
2024-09-16 10:00:08 INFO Request completed successfully in 150ms
2024-09-16 10:00:09 WARN Memory usage at 85% - garbage collection triggered
2024-09-16 10:00:10 INFO System running normally
2024-09-16 10:00:11 DEBUG Cache hit for key: user_session_abc123
2024-09-16 10:00:12 INFO New user registration: jane.smith@example.com
2024-09-16 10:00:13 ERROR Failed to send email notification: SMTP timeout
2024-09-16 10:00:14 WARN Rate limit exceeded for IP 10.0.0.5: 100 requests/minute
2024-09-16 10:00:15 INFO Background job started: daily_cleanup_task
2024-09-16 10:00:16 DEBUG SQL query executed in 25ms: SELECT * FROM users WHERE active = 1
2024-09-16 10:00:17 INFO File upload completed: document.pdf (2.5MB)
2024-09-16 10:00:18 ERROR Invalid API key provided by client 192.168.1.75
2024-09-16 10:00:19 WARN Disk space low on /var/log partition: 15% remaining
2024-09-16 10:00:20 INFO Health check passed: all services operational
2024-09-16 10:00:21 DEBUG Scheduled task executed: backup_user_data
2024-09-16 10:00:22 INFO Load balancer routed request to server-02
2024-09-16 10:00:23 ERROR Connection refused to external API: payment_gateway
2024-09-16 10:00:24 WARN SSL certificate expires in 7 days
2024-09-16 10:00:25 INFO User logout: john.doe@example.com (session duration: 2h 15m)
2024-09-16 10:00:26 DEBUG Redis cache updated with new product catalog
2024-09-16 10:00:27 INFO Order processed successfully: ORDER_789123
2024-09-16 10:00:28 ERROR Payment processing failed: insufficient funds
2024-09-16 10:00:29 WARN High CPU usage detected: 92% average over 5 minutes
2024-09-16 10:00:30 INFO Backup completed successfully: 1.2GB archived
2024-09-16 10:00:31 DEBUG WebSocket connection established with client_id: ws_456
2024-09-16 10:00:32 INFO Password reset requested for user: admin@example.com
2024-09-16 10:00:33 ERROR Database connection lost - attempting reconnection
2024-09-16 10:00:34 WARN Failed login attempt #3 for user: hacker@malicious.com
2024-09-16 10:00:35 INFO Security scan completed: 0 vulnerabilities found
2024-09-16 10:00:36 DEBUG Cron job triggered: send_weekly_reports
2024-09-16 10:00:37 INFO API response time improved: average 120ms (was 180ms)
2024-09-16 10:00:38 ERROR File system error: permission denied on /tmp/uploads
2024-09-16 10:00:39 WARN Queue depth high: 850 messages pending processing
2024-09-16 10:00:40 INFO Microservice deployment completed: user-service v1.2.3
2024-09-16 10:00:41 DEBUG Elasticsearch index updated: product_search_v2
2024-09-16 10:00:42 INFO Mobile app session started: iOS 16.0 user_id:7890
2024-09-16 10:00:43 ERROR OAuth token validation failed: expired token
2024-09-16 10:00:44 WARN Network latency spike detected: 500ms to region us-west
2024-09-16 10:00:45 INFO CDN cache purged for domain: static.example.com
2024-09-16 10:00:46 DEBUG Message queue consumer processed 100 items
2024-09-16 10:00:47 INFO Customer support ticket created: TICKET_555
2024-09-16 10:00:48 ERROR Third-party integration timeout: analytics_service
2024-09-16 10:00:49 WARN Auto-scaling triggered: adding 2 additional instances
2024-09-16 10:00:50 INFO Real-time dashboard updated: 1,247 active users
2024-09-16 10:00:51 DEBUG Configuration reload completed: feature_flags.json
2024-09-16 10:00:52 INFO Search query executed: "machine learning tutorials" (0.05s)
2024-09-16 10:00:53 ERROR Image processing failed: unsupported format .webp
2024-09-16 10:00:54 WARN Concurrent user limit approaching: 950/1000
2024-09-16 10:00:55 INFO Video encoding completed: tutorial_video.mp4 (1080p)
2024-09-16 10:00:56 DEBUG Log rotation performed: archived 500MB of old logs
2024-09-16 10:00:57 INFO A/B test results: variant B shows 12% improvement
2024-09-16 10:00:58 ERROR Webhook delivery failed: endpoint unreachable
2024-09-16 10:00:59 WARN Database slow query detected: 3.2s execution time
2024-09-16 10:01:00 INFO Scheduled maintenance window starts in 4 hours
2024-09-16 10:01:01 DEBUG Cache warming completed: 10,000 popular items preloaded
2024-09-16 10:01:02 INFO User preference updated: dark_mode enabled
2024-09-16 10:01:03 ERROR GDPR data deletion request processing failed
2024-09-16 10:01:04 WARN Fraud detection triggered for transaction: TXN_9876
2024-09-16 10:01:05 INFO Newsletter sent successfully to 15,000 subscribers
2024-09-16 10:01:06 DEBUG Thread pool size adjusted: 50 -> 75 workers
2024-09-16 10:01:07 INFO Two-factor authentication enabled for admin@example.com
2024-09-16 10:01:08 ERROR Backup verification failed: checksum mismatch
2024-09-16 10:01:09 WARN Session cleanup removed 200 expired sessions
2024-09-16 10:01:10 INFO Report generation completed: monthly_analytics.pdf
2024-09-16 10:01:11 DEBUG Metrics collection interval updated to 30 seconds
2024-09-16 10:01:12 INFO Feature flag toggled: new_checkout_flow = true
2024-09-16 10:01:13 ERROR Memory leak detected in image_processor module
2024-09-16 10:01:14 WARN DNS resolution slow for external_api.service.com
2024-09-16 10:01:15 INFO Machine learning model retrained: accuracy 94.2%
2024-09-16 10:01:16 DEBUG Docker container started: worker_instance_08
2024-09-16 10:01:17 INFO User feedback submitted: 5-star rating with comment
2024-09-16 10:01:18 ERROR License validation failed: expired enterprise license
2024-09-16 10:01:19 WARN Anomaly detected in user behavior: unusual location
2024-09-16 10:01:20 INFO System restart scheduled for 03:00 AM maintenance
2024-09-16 10:01:21 DEBUG Profiler data collected: top 10 bottlenecks identified
2024-09-16 10:01:22 INFO New API endpoint deployed: /api/v2/recommendations
2024-09-16 10:01:23 ERROR Circuit breaker opened for payment_processor service
2024-09-16 10:01:24 WARN Temperature warning: server room at 28°C
2024-09-16 10:01:25 INFO Customer onboarding completed: welcome email sent
2024-09-16 10:01:26 DEBUG Load test completed: 1000 concurrent users handled
2024-09-16 10:01:27 INFO Data export request fulfilled: user_data_export.zip
2024-09-16 10:01:28 ERROR SSL handshake failed with client 203.0.113.42
2024-09-16 10:01:29 WARN Retry limit exceeded for message_id: msg_12345
2024-09-16 10:01:30 INFO Inventory sync completed: 50,000 products updated
2024-09-16 10:01:31 DEBUG Performance monitoring alert: response time > 500ms
2024-09-16 10:01:32 INFO Comment moderation completed: 25 comments approved
2024-09-16 10:01:33 ERROR Encryption key rotation failed: HSM unreachable
2024-09-16 10:01:34 WARN Bandwidth utilization high: 85% of allocated capacity
2024-09-16 10:01:35 INFO Push notification sent to 5,000 mobile devices
2024-09-16 10:01:36 DEBUG Garbage collection completed: 200MB memory freed
2024-09-16 10:01:37 INFO Competitor price monitoring update: 500 products checked
2024-09-16 10:01:38 ERROR Data validation failed: invalid phone number format
2024-09-16 10:01:39 WARN CDN edge server offline: routing to backup location
2024-09-16 10:01:40 INFO Social media integration successful: 10 posts synchronized
2024-09-16 10:01:41 DEBUG Index optimization completed: query performance improved 40%
2024-09-16 10:01:42 INFO Customer survey response collected: NPS score 8/10
2024-09-16 10:01:43 ERROR Blockchain transaction failed: network congestion
2024-09-16 10:01:44 WARN Resource utilization alert: 90% memory usage
2024-09-16 10:01:45 INFO Live chat session ended: customer issue resolved
2024-09-16 10:01:46 DEBUG WebRTC connection established for video call
2024-09-16 10:01:47 INFO Content delivery optimization: 15% faster load times
2024-09-16 10:01:48 ERROR Microservice health check failed: order-service timeout
2024-09-16 10:01:49 WARN Suspicious activity detected: rapid API calls from 10.0.0.100
2024-09-16 10:01:50 INFO System monitoring dashboard updated: all green indicators